I'm sorry, but errors were detected in your script. Please correct the
errors listed below, and try again.


File "game/script.rpy", line 449: expected statement.
    ladel choice1_done1:
                       ^

Ren'Py Version: Ren'Py 8.1.3.23091805
Wed Dec 20 17:07:21 2023
